[debug] [2025-02-12T08:10:05.782Z] ----------------------------------------------------------------------
[debug] [2025-02-12T08:10:05.786Z] Command:       C:\Program Files\nodejs\node.exe C:\Program Files\nodejs\node_modules\firebase-tools\lib\bin\firebase.js init
[debug] [2025-02-12T08:10:05.786Z] CLI Version:   13.30.0
[debug] [2025-02-12T08:10:05.786Z] Platform:      win32
[debug] [2025-02-12T08:10:05.787Z] Node Version:  v22.11.0
[debug] [2025-02-12T08:10:05.787Z] Time:          Wed Feb 12 2025 15:10:05 GMT+0700 (Western Indonesia Time)
[debug] [2025-02-12T08:10:05.787Z] ----------------------------------------------------------------------
[debug] 
[debug] [2025-02-12T08:10:05.796Z] > command requires scopes: ["email","openid","https://www.googleapis.com/auth/cloudplatformprojects.readonly","https://www.googleapis.com/auth/firebase","https://www.googleapis.com/auth/cloud-platform"]
[debug] [2025-02-12T08:10:05.796Z] > authorizing via signed-in user (adityawisnu104@gmail.com)
[info] 
     ######## #### ########  ######## ########     ###     ######  ########
     ##        ##  ##     ## ##       ##     ##  ##   ##  ##       ##
     ######    ##  ########  ######   ########  #########  ######  ######
     ##        ##  ##    ##  ##       ##     ## ##     ##       ## ##
     ##       #### ##     ## ######## ########  ##     ##  ######  ########

You're about to initialize a Firebase project in this directory:

  C:\Users\Aditya PSM\Documents\PSM\project\backend-repo

[info] 
=== Project Setup
[info] 
[info] First, let's associate this project directory with a Firebase project.
[info] You can create multiple project aliases by running firebase use --add, 
[info] but for now we'll just set up a default project.
[info] 
[debug] [2025-02-12T08:10:14.383Z] Checked if tokens are valid: true, expires at: 1739350832331
[debug] [2025-02-12T08:10:14.383Z] Checked if tokens are valid: true, expires at: 1739350832331
[debug] [2025-02-12T08:10:14.385Z] >>> [apiv2][query] GET https://firebase.googleapis.com/v1beta1/projects pageSize=100
[debug] [2025-02-12T08:10:15.276Z] <<< [apiv2][status] GET https://firebase.googleapis.com/v1beta1/projects 200
[debug] [2025-02-12T08:10:15.277Z] <<< [apiv2][body] GET https://firebase.googleapis.com/v1beta1/projects [omitted]
[info] i  Using project user-management-ebuddy (user-management-ebuddy) 
[info] 
=== Dataconnect Setup
[debug] [2025-02-12T08:10:17.929Z] Checked if tokens are valid: true, expires at: 1739350832331
[debug] [2025-02-12T08:10:17.929Z] Checked if tokens are valid: true, expires at: 1739350832331
[debug] [2025-02-12T08:10:17.929Z] >>> [apiv2][query] GET https://cloudbilling.googleapis.com/v1/projects/user-management-ebuddy/billingInfo [none]
[debug] [2025-02-12T08:10:18.339Z] <<< [apiv2][status] GET https://cloudbilling.googleapis.com/v1/projects/user-management-ebuddy/billingInfo 200
[debug] [2025-02-12T08:10:18.339Z] <<< [apiv2][body] GET https://cloudbilling.googleapis.com/v1/projects/user-management-ebuddy/billingInfo {"name":"projects/user-management-ebuddy/billingInfo","projectId":"user-management-ebuddy","billingAccountName":"","billingEnabled":false}
[info] i  dataconnect: ensuring required API sqladmin.googleapis.com is enabled... 
[debug] [2025-02-12T08:10:18.340Z] Checked if tokens are valid: true, expires at: 1739350832331
[debug] [2025-02-12T08:10:18.340Z] Checked if tokens are valid: true, expires at: 1739350832331
[debug] [2025-02-12T08:10:18.340Z] >>> [apiv2][query] GET https://serviceusage.googleapis.com/v1/projects/user-management-ebuddy/services/sqladmin.googleapis.com [none]
[debug] [2025-02-12T08:10:18.340Z] >>> [apiv2][(partial)header] GET https://serviceusage.googleapis.com/v1/projects/user-management-ebuddy/services/sqladmin.googleapis.com x-goog-quota-user=projects/user-management-ebuddy
[debug] [2025-02-12T08:10:19.774Z] <<< [apiv2][status] GET https://serviceusage.googleapis.com/v1/projects/user-management-ebuddy/services/sqladmin.googleapis.com 200
[debug] [2025-02-12T08:10:19.774Z] <<< [apiv2][body] GET https://serviceusage.googleapis.com/v1/projects/user-management-ebuddy/services/sqladmin.googleapis.com [omitted]
[info] +  dataconnect: required API sqladmin.googleapis.com is enabled 
[info] i  dataconnect\dataconnect.yaml is unchanged 
[info] i  dataconnect\schema\schema.gql is unchanged 
[info] +  Wrote dataconnect\connector\connector.yaml 
[info] i  dataconnect\connector\queries.gql is unchanged 
[info] i  dataconnect\connector\mutations.gql is unchanged 
[info] +  Detected WEB app in directory C:\Users\Aditya PSM\Documents\PSM\project\backend-repo 
[info] i  Wrote new config to C:\Users\Aditya PSM\Documents\PSM\project\backend-repo\dataconnect\connector/connector.yaml 
[info] I0212 15:10:33.014591   16864 codegen.go:82] [connector "default" javascriptSdk] Generating sources into "C:\\Users\\Aditya PSM\\Documents\\PSM\\project\\backend-repo\\dataconnect-generated\\js\\default-connector"
I0212 15:10:33.018025   16864 generate.go:40] Generated all sources. Writing them to disk...
I0212 15:10:33.021054   16864 collector.go:107] connector "default" javascriptSdk wrote into "C:\\Users\\Aditya PSM\\Documents\\PSM\\project\\backend-repo\\dataconnect-generated\\js\\default-connector"
Generated sources: README.md [2740B] index.d.ts [261B] esm\index.esm.js [171B] esm\package.json [17B] index.cjs.js [212B] package.json [634B] 
I0212 15:10:33.029148   16864 installsdk.go:76] Running command: C:\Program Files\nodejs\npm.cmd install file:dataconnect-generated\js\default-connector

[info] i  Generated SDK code for default 
[info] +  If you'd like to add more generated SDKs to your app your later, run firebase init dataconnect:sdk again 
[info] i  If you'd like to provision a CloudSQL Postgres instance on the Firebase Data Connect no-cost trial:
1. Please upgrade to the pay-as-you-go (Blaze) billing plan. Visit the following page:
     https://console.firebase.google.com/project/user-management-ebuddy/usage/details
2. Run firebase init dataconnect again to configure the Cloud SQL instance.
3. Run firebase deploy --only dataconnect to deploy your Data Connect service. 
[info] 
=== Firestore Setup
[debug] [2025-02-12T08:10:35.489Z] Checked if tokens are valid: true, expires at: 1739350832331
[debug] [2025-02-12T08:10:35.489Z] Checked if tokens are valid: true, expires at: 1739350832331
[debug] [2025-02-12T08:10:35.490Z] >>> [apiv2][query] GET https://serviceusage.googleapis.com/v1/projects/user-management-ebuddy/services/firestore.googleapis.com [none]
[debug] [2025-02-12T08:10:35.490Z] >>> [apiv2][(partial)header] GET https://serviceusage.googleapis.com/v1/projects/user-management-ebuddy/services/firestore.googleapis.com x-goog-quota-user=projects/user-management-ebuddy
[debug] [2025-02-12T08:10:36.827Z] <<< [apiv2][status] GET https://serviceusage.googleapis.com/v1/projects/user-management-ebuddy/services/firestore.googleapis.com 200
[debug] [2025-02-12T08:10:36.828Z] <<< [apiv2][body] GET https://serviceusage.googleapis.com/v1/projects/user-management-ebuddy/services/firestore.googleapis.com [omitted]
[debug] [2025-02-12T08:10:36.828Z] Checked if tokens are valid: true, expires at: 1739350832331
[debug] [2025-02-12T08:10:36.828Z] Checked if tokens are valid: true, expires at: 1739350832331
[debug] [2025-02-12T08:10:36.828Z] >>> [apiv2][query] GET https://firestore.googleapis.com/v1/projects/user-management-ebuddy/databases/(default) [none]
[debug] [2025-02-12T08:10:38.411Z] <<< [apiv2][status] GET https://firestore.googleapis.com/v1/projects/user-management-ebuddy/databases/(default) 200
[debug] [2025-02-12T08:10:38.411Z] <<< [apiv2][body] GET https://firestore.googleapis.com/v1/projects/user-management-ebuddy/databases/(default) {"name":"projects/user-management-ebuddy/databases/(default)","uid":"367405a9-6194-49aa-9db6-eb233c6d7646","createTime":"2025-02-12T08:07:05.997553Z","updateTime":"2025-02-12T08:07:05.997553Z","locationId":"nam5","type":"FIRESTORE_NATIVE","concurrencyMode":"PESSIMISTIC","versionRetentionPeriod":"3600s","earliestVersionTime":"2025-02-12T08:07:05.997553Z","appEngineIntegrationMode":"DISABLED","keyPrefix":"s","pointInTimeRecoveryEnablement":"POINT_IN_TIME_RECOVERY_DISABLED","deleteProtectionState":"DELETE_PROTECTION_DISABLED","databaseEdition":"STANDARD","etag":"IOC13tDXvYsDMPHpjevWvYsD"}
[debug] [2025-02-12T08:10:38.411Z] database_type: FIRESTORE_NATIVE
[debug] [2025-02-12T08:10:38.411Z] database_type: FIRESTORE_NATIVE
[debug] [2025-02-12T08:10:38.412Z] > command requires scopes: ["email","openid","https://www.googleapis.com/auth/cloudplatformprojects.readonly","https://www.googleapis.com/auth/firebase","https://www.googleapis.com/auth/cloud-platform"]
[debug] [2025-02-12T08:10:38.412Z] > authorizing via signed-in user (adityawisnu104@gmail.com)
[debug] [2025-02-12T08:10:38.412Z] [iam] checking project user-management-ebuddy for permissions ["firebase.projects.get"]
[debug] [2025-02-12T08:10:38.413Z] Checked if tokens are valid: true, expires at: 1739350832331
[debug] [2025-02-12T08:10:38.413Z] Checked if tokens are valid: true, expires at: 1739350832331
[debug] [2025-02-12T08:10:38.413Z] >>> [apiv2][query] POST https://cloudresourcemanager.googleapis.com/v1/projects/user-management-ebuddy:testIamPermissions [none]
[debug] [2025-02-12T08:10:38.413Z] >>> [apiv2][(partial)header] POST https://cloudresourcemanager.googleapis.com/v1/projects/user-management-ebuddy:testIamPermissions x-goog-quota-user=projects/user-management-ebuddy
[debug] [2025-02-12T08:10:38.413Z] >>> [apiv2][body] POST https://cloudresourcemanager.googleapis.com/v1/projects/user-management-ebuddy:testIamPermissions {"permissions":["firebase.projects.get"]}
[debug] [2025-02-12T08:10:39.640Z] <<< [apiv2][status] POST https://cloudresourcemanager.googleapis.com/v1/projects/user-management-ebuddy:testIamPermissions 200
[debug] [2025-02-12T08:10:39.641Z] <<< [apiv2][body] POST https://cloudresourcemanager.googleapis.com/v1/projects/user-management-ebuddy:testIamPermissions {"permissions":["firebase.projects.get"]}
[info] 
[info] Firestore Security Rules allow you to define how and when to allow
[info] requests. You can keep these rules in your project directory
[info] and publish them with firebase deploy.
[info] 
[debug] [2025-02-12T08:10:45.770Z] Checked if tokens are valid: true, expires at: 1739350832331
[debug] [2025-02-12T08:10:45.770Z] Checked if tokens are valid: true, expires at: 1739350832331
[debug] [2025-02-12T08:10:45.771Z] >>> [apiv2][query] GET https://firebaserules.googleapis.com/v1/projects/user-management-ebuddy/releases pageSize=10&pageToken=
[debug] [2025-02-12T08:10:47.124Z] <<< [apiv2][status] GET https://firebaserules.googleapis.com/v1/projects/user-management-ebuddy/releases 200
[debug] [2025-02-12T08:10:47.124Z] <<< [apiv2][body] GET https://firebaserules.googleapis.com/v1/projects/user-management-ebuddy/releases {"releases":[{"name":"projects/user-management-ebuddy/releases/cloud.firestore","rulesetName":"projects/user-management-ebuddy/rulesets/56d2f980-a939-44d9-8d2e-9ba2ee9f8469","createTime":"2025-02-12T08:07:11.294853Z","updateTime":"2025-02-12T08:07:11.294853Z"}]}
[debug] [2025-02-12T08:10:47.124Z] Found ruleset: projects/user-management-ebuddy/rulesets/56d2f980-a939-44d9-8d2e-9ba2ee9f8469
[debug] [2025-02-12T08:10:47.124Z] Checked if tokens are valid: true, expires at: 1739350832331
[debug] [2025-02-12T08:10:47.124Z] Checked if tokens are valid: true, expires at: 1739350832331
[debug] [2025-02-12T08:10:47.124Z] >>> [apiv2][query] GET https://firebaserules.googleapis.com/v1/projects/user-management-ebuddy/rulesets/56d2f980-a939-44d9-8d2e-9ba2ee9f8469 [none]
[debug] [2025-02-12T08:10:48.419Z] <<< [apiv2][status] GET https://firebaserules.googleapis.com/v1/projects/user-management-ebuddy/rulesets/56d2f980-a939-44d9-8d2e-9ba2ee9f8469 200
[debug] [2025-02-12T08:10:48.419Z] <<< [apiv2][body] GET https://firebaserules.googleapis.com/v1/projects/user-management-ebuddy/rulesets/56d2f980-a939-44d9-8d2e-9ba2ee9f8469 [omitted]
[info] 
[info] Firestore indexes allow you to perform complex queries while
[info] maintaining performance that scales with the size of the result
[info] set. You can keep index definitions in your project directory
[info] and publish them with firebase deploy.
[info] 
[debug] [2025-02-12T08:10:50.601Z] Checked if tokens are valid: true, expires at: 1739350832331
[debug] [2025-02-12T08:10:50.601Z] Checked if tokens are valid: true, expires at: 1739350832331
[debug] [2025-02-12T08:10:50.601Z] Checked if tokens are valid: true, expires at: 1739350832331
[debug] [2025-02-12T08:10:50.601Z] Checked if tokens are valid: true, expires at: 1739350832331
[debug] [2025-02-12T08:10:50.602Z] >>> [apiv2][query] GET https://firestore.googleapis.com/v1/projects/user-management-ebuddy/databases/(default)/collectionGroups/-/indexes [none]
[debug] [2025-02-12T08:10:50.604Z] >>> [apiv2][query] GET https://firestore.googleapis.com/v1/projects/user-management-ebuddy/databases/(default)/collectionGroups/-/fields?filter=indexConfig.usesAncestorConfig=false OR ttlConfig:* [none]
[debug] [2025-02-12T08:10:52.133Z] <<< [apiv2][status] GET https://firestore.googleapis.com/v1/projects/user-management-ebuddy/databases/(default)/collectionGroups/-/indexes 200
[debug] [2025-02-12T08:10:52.134Z] <<< [apiv2][body] GET https://firestore.googleapis.com/v1/projects/user-management-ebuddy/databases/(default)/collectionGroups/-/indexes {}
[debug] [2025-02-12T08:10:52.160Z] <<< [apiv2][status] GET https://firestore.googleapis.com/v1/projects/user-management-ebuddy/databases/(default)/collectionGroups/-/fields?filter=indexConfig.usesAncestorConfig=false OR ttlConfig:* 200
[debug] [2025-02-12T08:10:52.160Z] <<< [apiv2][body] GET https://firestore.googleapis.com/v1/projects/user-management-ebuddy/databases/(default)/collectionGroups/-/fields?filter=indexConfig.usesAncestorConfig=false OR ttlConfig:* {"fields":[{"name":"projects/user-management-ebuddy/databases/(default)/collectionGroups/__default__/fields/*","indexConfig":{"indexes":[{"queryScope":"COLLECTION","fields":[{"fieldPath":"*","order":"ASCENDING"}],"state":"READY"},{"queryScope":"COLLECTION","fields":[{"fieldPath":"*","order":"DESCENDING"}],"state":"READY"},{"queryScope":"COLLECTION","fields":[{"fieldPath":"*","arrayConfig":"CONTAINS"}],"state":"READY"}]}}]}
[info] 
=== Genkit Setup
[debug] [2025-02-12T08:11:02.345Z] > command requires scopes: ["email","openid","https://www.googleapis.com/auth/cloudplatformprojects.readonly","https://www.googleapis.com/auth/firebase","https://www.googleapis.com/auth/cloud-platform"]
[debug] [2025-02-12T08:11:02.345Z] > authorizing via signed-in user (adityawisnu104@gmail.com)
[debug] [2025-02-12T08:11:02.345Z] [iam] checking project user-management-ebuddy for permissions ["firebase.projects.get"]
[debug] [2025-02-12T08:11:02.346Z] Checked if tokens are valid: true, expires at: 1739350832331
[debug] [2025-02-12T08:11:02.346Z] Checked if tokens are valid: true, expires at: 1739350832331
[debug] [2025-02-12T08:11:02.346Z] >>> [apiv2][query] POST https://cloudresourcemanager.googleapis.com/v1/projects/user-management-ebuddy:testIamPermissions [none]
[debug] [2025-02-12T08:11:02.346Z] >>> [apiv2][(partial)header] POST https://cloudresourcemanager.googleapis.com/v1/projects/user-management-ebuddy:testIamPermissions x-goog-quota-user=projects/user-management-ebuddy
[debug] [2025-02-12T08:11:02.346Z] >>> [apiv2][body] POST https://cloudresourcemanager.googleapis.com/v1/projects/user-management-ebuddy:testIamPermissions {"permissions":["firebase.projects.get"]}
[debug] [2025-02-12T08:11:02.780Z] <<< [apiv2][status] POST https://cloudresourcemanager.googleapis.com/v1/projects/user-management-ebuddy:testIamPermissions 200
[debug] [2025-02-12T08:11:02.780Z] <<< [apiv2][body] POST https://cloudresourcemanager.googleapis.com/v1/projects/user-management-ebuddy:testIamPermissions {"permissions":["firebase.projects.get"]}
[debug] [2025-02-12T08:11:02.780Z] Checked if tokens are valid: true, expires at: 1739350832331
[debug] [2025-02-12T08:11:02.780Z] Checked if tokens are valid: true, expires at: 1739350832331
[debug] [2025-02-12T08:11:02.780Z] Checked if tokens are valid: true, expires at: 1739350832331
[debug] [2025-02-12T08:11:02.780Z] Checked if tokens are valid: true, expires at: 1739350832331
[debug] [2025-02-12T08:11:02.780Z] >>> [apiv2][query] GET https://serviceusage.googleapis.com/v1/projects/user-management-ebuddy/services/cloudfunctions.googleapis.com [none]
[debug] [2025-02-12T08:11:02.780Z] >>> [apiv2][(partial)header] GET https://serviceusage.googleapis.com/v1/projects/user-management-ebuddy/services/cloudfunctions.googleapis.com x-goog-quota-user=projects/user-management-ebuddy
[debug] [2025-02-12T08:11:02.782Z] >>> [apiv2][query] GET https://serviceusage.googleapis.com/v1/projects/user-management-ebuddy/services/runtimeconfig.googleapis.com [none]
[debug] [2025-02-12T08:11:02.782Z] >>> [apiv2][(partial)header] GET https://serviceusage.googleapis.com/v1/projects/user-management-ebuddy/services/runtimeconfig.googleapis.com x-goog-quota-user=projects/user-management-ebuddy
[debug] [2025-02-12T08:11:04.114Z] <<< [apiv2][status] GET https://serviceusage.googleapis.com/v1/projects/user-management-ebuddy/services/runtimeconfig.googleapis.com 200
[debug] [2025-02-12T08:11:04.114Z] <<< [apiv2][body] GET https://serviceusage.googleapis.com/v1/projects/user-management-ebuddy/services/runtimeconfig.googleapis.com [omitted]
[debug] [2025-02-12T08:11:04.525Z] <<< [apiv2][status] GET https://serviceusage.googleapis.com/v1/projects/user-management-ebuddy/services/cloudfunctions.googleapis.com 200
[debug] [2025-02-12T08:11:04.526Z] <<< [apiv2][body] GET https://serviceusage.googleapis.com/v1/projects/user-management-ebuddy/services/cloudfunctions.googleapis.com [omitted]
[debug] [2025-02-12T08:11:04.527Z] Checked if tokens are valid: true, expires at: 1739350832331
[debug] [2025-02-12T08:11:04.527Z] Checked if tokens are valid: true, expires at: 1739350832331
[debug] [2025-02-12T08:11:04.527Z] >>> [apiv2][query] POST https://serviceusage.googleapis.com/v1/projects/user-management-ebuddy/services/cloudfunctions.googleapis.com:enable [none]
[debug] [2025-02-12T08:11:04.527Z] >>> [apiv2][(partial)header] POST https://serviceusage.googleapis.com/v1/projects/user-management-ebuddy/services/cloudfunctions.googleapis.com:enable x-goog-quota-user=projects/user-management-ebuddy
[debug] [2025-02-12T08:11:07.188Z] <<< [apiv2][status] POST https://serviceusage.googleapis.com/v1/projects/user-management-ebuddy/services/cloudfunctions.googleapis.com:enable 200
[debug] [2025-02-12T08:11:07.188Z] <<< [apiv2][body] POST https://serviceusage.googleapis.com/v1/projects/user-management-ebuddy/services/cloudfunctions.googleapis.com:enable [omitted]
[debug] [2025-02-12T08:11:17.194Z] Checked if tokens are valid: true, expires at: 1739350832331
[debug] [2025-02-12T08:11:17.195Z] Checked if tokens are valid: true, expires at: 1739350832331
[debug] [2025-02-12T08:11:17.195Z] >>> [apiv2][query] GET https://serviceusage.googleapis.com/v1/projects/user-management-ebuddy/services/cloudfunctions.googleapis.com [none]
[debug] [2025-02-12T08:11:17.195Z] >>> [apiv2][(partial)header] GET https://serviceusage.googleapis.com/v1/projects/user-management-ebuddy/services/cloudfunctions.googleapis.com x-goog-quota-user=projects/user-management-ebuddy
[debug] [2025-02-12T08:11:18.556Z] <<< [apiv2][status] GET https://serviceusage.googleapis.com/v1/projects/user-management-ebuddy/services/cloudfunctions.googleapis.com 200
[debug] [2025-02-12T08:11:18.556Z] <<< [apiv2][body] GET https://serviceusage.googleapis.com/v1/projects/user-management-ebuddy/services/cloudfunctions.googleapis.com [omitted]
[info] Let's create a new codebase for your functions.
[info] A directory corresponding to the codebase will be created in your project
[info] with sample code pre-configured.

[info] See https://firebase.google.com/docs/functions/organize-functions for
[info] more information on organizing your functions using codebases.

[info] Functions can be deployed with firebase deploy.

[info] +  Wrote functions/package.json 
[info] +  Wrote functions/tsconfig.json 
[info] +  Wrote functions/src/index.ts 
[info] +  Wrote functions/.gitignore 
[info] 
[info] i  genkit: Installing Genkit CLI version 1.0.4
 
[info] i  genkit: Installing NPM packages for genkit 
[info] +  genkit: Successfully installed NPM packages 
[info] i  genkit: Updating tsconfig.json 
[info] +  genkit: Successfully updated tsconfig.json 
[info] i  genkit: Updating package.json 
[info] +  genkit: Successfully updated package.json 
[info] i  genkit: Generating sample file 
[info] +  genkit: Successfully generated sample file (src/genkit-sample.ts) 
[info] Start the Genkit developer experience by running:
[info]     cd functions && npm run genkit:start
[info] 
=== Functions Setup
[debug] [2025-02-12T08:14:38.226Z] > command requires scopes: ["email","openid","https://www.googleapis.com/auth/cloudplatformprojects.readonly","https://www.googleapis.com/auth/firebase","https://www.googleapis.com/auth/cloud-platform"]
[debug] [2025-02-12T08:14:38.227Z] > authorizing via signed-in user (adityawisnu104@gmail.com)
[debug] [2025-02-12T08:14:38.227Z] [iam] checking project user-management-ebuddy for permissions ["firebase.projects.get"]
[debug] [2025-02-12T08:14:38.227Z] Checked if tokens are valid: true, expires at: 1739350832331
[debug] [2025-02-12T08:14:38.227Z] Checked if tokens are valid: true, expires at: 1739350832331
[debug] [2025-02-12T08:14:38.228Z] >>> [apiv2][query] POST https://cloudresourcemanager.googleapis.com/v1/projects/user-management-ebuddy:testIamPermissions [none]
[debug] [2025-02-12T08:14:38.228Z] >>> [apiv2][(partial)header] POST https://cloudresourcemanager.googleapis.com/v1/projects/user-management-ebuddy:testIamPermissions x-goog-quota-user=projects/user-management-ebuddy
[debug] [2025-02-12T08:14:38.228Z] >>> [apiv2][body] POST https://cloudresourcemanager.googleapis.com/v1/projects/user-management-ebuddy:testIamPermissions {"permissions":["firebase.projects.get"]}
[debug] [2025-02-12T08:14:39.271Z] <<< [apiv2][status] POST https://cloudresourcemanager.googleapis.com/v1/projects/user-management-ebuddy:testIamPermissions 200
[debug] [2025-02-12T08:14:39.271Z] <<< [apiv2][body] POST https://cloudresourcemanager.googleapis.com/v1/projects/user-management-ebuddy:testIamPermissions {"permissions":["firebase.projects.get"]}
[debug] [2025-02-12T08:14:39.271Z] Checked if tokens are valid: true, expires at: 1739350832331
[debug] [2025-02-12T08:14:39.271Z] Checked if tokens are valid: true, expires at: 1739350832331
[debug] [2025-02-12T08:14:39.271Z] Checked if tokens are valid: true, expires at: 1739350832331
[debug] [2025-02-12T08:14:39.271Z] Checked if tokens are valid: true, expires at: 1739350832331
[debug] [2025-02-12T08:14:39.271Z] >>> [apiv2][query] GET https://serviceusage.googleapis.com/v1/projects/user-management-ebuddy/services/cloudfunctions.googleapis.com [none]
[debug] [2025-02-12T08:14:39.271Z] >>> [apiv2][(partial)header] GET https://serviceusage.googleapis.com/v1/projects/user-management-ebuddy/services/cloudfunctions.googleapis.com x-goog-quota-user=projects/user-management-ebuddy
[debug] [2025-02-12T08:14:39.273Z] >>> [apiv2][query] GET https://serviceusage.googleapis.com/v1/projects/user-management-ebuddy/services/runtimeconfig.googleapis.com [none]
[debug] [2025-02-12T08:14:39.273Z] >>> [apiv2][(partial)header] GET https://serviceusage.googleapis.com/v1/projects/user-management-ebuddy/services/runtimeconfig.googleapis.com x-goog-quota-user=projects/user-management-ebuddy
[debug] [2025-02-12T08:14:40.594Z] <<< [apiv2][status] GET https://serviceusage.googleapis.com/v1/projects/user-management-ebuddy/services/runtimeconfig.googleapis.com 200
[debug] [2025-02-12T08:14:40.594Z] <<< [apiv2][body] GET https://serviceusage.googleapis.com/v1/projects/user-management-ebuddy/services/runtimeconfig.googleapis.com [omitted]
[debug] [2025-02-12T08:14:40.622Z] <<< [apiv2][status] GET https://serviceusage.googleapis.com/v1/projects/user-management-ebuddy/services/cloudfunctions.googleapis.com 200
[debug] [2025-02-12T08:14:40.622Z] <<< [apiv2][body] GET https://serviceusage.googleapis.com/v1/projects/user-management-ebuddy/services/cloudfunctions.googleapis.com [omitted]
[info] 
Detected existing codebase(s): default

[info] Let's create a new codebase for your functions.
[info] A directory corresponding to the codebase will be created in your project
[info] with sample code pre-configured.

[info] See https://firebase.google.com/docs/functions/organize-functions for
[info] more information on organizing your functions using codebases.

[info] Functions can be deployed with firebase deploy.

[info] +  Wrote example/package.json 
[info] +  Wrote example/tsconfig.json 
[info] +  Wrote example/src/index.ts 
[info] +  Wrote example/.gitignore 
[info] 
=== Apphosting Setup
[debug] [2025-02-12T08:15:24.227Z] Checked if tokens are valid: true, expires at: 1739350832331
[debug] [2025-02-12T08:15:24.227Z] Checked if tokens are valid: true, expires at: 1739350832331
[debug] [2025-02-12T08:15:24.227Z] >>> [apiv2][query] GET https://cloudbilling.googleapis.com/v1/projects/user-management-ebuddy/billingInfo [none]
[debug] [2025-02-12T08:15:25.740Z] <<< [apiv2][status] GET https://cloudbilling.googleapis.com/v1/projects/user-management-ebuddy/billingInfo 200
[debug] [2025-02-12T08:15:25.741Z] <<< [apiv2][body] GET https://cloudbilling.googleapis.com/v1/projects/user-management-ebuddy/billingInfo {"name":"projects/user-management-ebuddy/billingInfo","projectId":"user-management-ebuddy","billingAccountName":"","billingEnabled":false}
[info] i  Writing default settings to apphosting.yaml... 
[info] +  Wrote apphosting.yaml 
[info] +  Create a new App Hosting backend with `firebase apphosting:backends:create` 
[info] 
=== Hosting Setup
[debug] [2025-02-12T08:15:25.749Z] Checked if tokens are valid: true, expires at: 1739350832331
[debug] [2025-02-12T08:15:25.750Z] Checked if tokens are valid: true, expires at: 1739350832331
[debug] [2025-02-12T08:15:25.750Z] >>> [apiv2][query] GET https://firebase.googleapis.com/v1beta1/projects/user-management-ebuddy [none]
[debug] [2025-02-12T08:15:26.329Z] <<< [apiv2][status] GET https://firebase.googleapis.com/v1beta1/projects/user-management-ebuddy 200
[debug] [2025-02-12T08:15:26.329Z] <<< [apiv2][body] GET https://firebase.googleapis.com/v1beta1/projects/user-management-ebuddy {"projectId":"user-management-ebuddy","projectNumber":"527465592686","displayName":"user-management-ebuddy","name":"projects/user-management-ebuddy","resources":{"hostingSite":"user-management-ebuddy"},"state":"ACTIVE","etag":"1_b921f956-c9c1-4ff7-b08e-ba43e9dfdff7"}
[info] 
[info] Your public directory is the folder (relative to your project directory) that
[info] will contain Hosting assets to be uploaded with firebase deploy. If you
[info] have a build process for your assets, use your build's output directory.
[info] 
[debug] [2025-02-12T08:15:51.746Z] >>> [apiv2][query] GET https://www.gstatic.com/firebasejs/releases.json [none]
[debug] [2025-02-12T08:15:51.865Z] <<< [apiv2][status] GET https://www.gstatic.com/firebasejs/releases.json 200
[debug] [2025-02-12T08:15:51.865Z] <<< [apiv2][body] GET https://www.gstatic.com/firebasejs/releases.json {"current":{"version":"11.3.1","browserURL":"https://www.gstatic.com/firebasejs/11.3.1/firebase.js","packageURL":"https://www.gstatic.com/firebasejs/11.3.1/firebase.tgz"},"live":{"version":"11.3","browserURL":"https://www.gstatic.com/firebasejs/live/11.3/firebase.js","packageURL":"https://www.gstatic.com/firebasejs/live/11.3/firebase.tgz"},"components":{"analytics":"https://www.gstatic.com/firebasejs/11.3.1/firebase-analytics.js","app":"https://www.gstatic.com/firebasejs/11.3.1/firebase-app.js","app-check":"https://www.gstatic.com/firebasejs/11.3.1/firebase-app-check.js","auth":"https://www.gstatic.com/firebasejs/11.3.1/firebase-auth.js","auth/cordova":"https://www.gstatic.com/firebasejs/11.3.1/firebase-auth/cordova.js","auth/web-extension":"https://www.gstatic.com/firebasejs/11.3.1/firebase-auth/web-extension.js","functions":"https://www.gstatic.com/firebasejs/11.3.1/firebase-functions.js","firestore":"https://www.gstatic.com/firebasejs/11.3.1/firebase-firestore.js","firestore/lite":"https://www.gstatic.com/firebasejs/11.3.1/firebase-firestore/lite.js","installations":"https://www.gstatic.com/firebasejs/11.3.1/firebase-installations.js","storage":"https://www.gstatic.com/firebasejs/11.3.1/firebase-storage.js","performance":"https://www.gstatic.com/firebasejs/11.3.1/firebase-performance.js","remote-config":"https://www.gstatic.com/firebasejs/11.3.1/firebase-remote-config.js","messaging":"https://www.gstatic.com/firebasejs/11.3.1/firebase-messaging.js","messaging/sw":"https://www.gstatic.com/firebasejs/11.3.1/firebase-messaging/sw.js","database":"https://www.gstatic.com/firebasejs/11.3.1/firebase-database.js","vertexai":"https://www.gstatic.com/firebasejs/11.3.1/firebase-vertexai.js","data-connect":"https://www.gstatic.com/firebasejs/11.3.1/firebase-data-connect.js","firestore.memory":"https://www.gstatic.com/firebasejs/11.3.1/firebase-firestore.memory.js"}}
[info] +  Wrote public/index.html 
[info] 
[info] i  Didn't detect a .git folder. Assuming C:\Users\Aditya PSM\Documents\PSM\project\backend-repo is the project root. 
[info] i  Authorizing with GitHub to upload your service account to a GitHub repository's secrets store. 
[info] 
[info] Visit this URL on this device to log in:
[info] https://github.com/login/oauth/authorize?client_id=89cf50f02ac6aaed3484&state=456031884&redirect_uri=http%3A%2F%2Flocalhost%3A9005&scope=read%3Auser%20repo%20public_repo
[info] 
[info] Waiting for authentication...
[debug] [2025-02-12T08:16:00.346Z] >>> [apiv2][query] POST https://github.com/login/oauth/access_token [none]
[debug] [2025-02-12T08:16:00.346Z] >>> [apiv2][body] POST https://github.com/login/oauth/access_token [stream]
[debug] [2025-02-12T08:16:00.751Z] <<< [apiv2][status] POST https://github.com/login/oauth/access_token 200
[debug] [2025-02-12T08:16:00.751Z] <<< [apiv2][body] POST https://github.com/login/oauth/access_token {"access_token":"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","token_type":"bearer","scope":"read:user,repo"}
[debug] [2025-02-12T08:16:00.758Z] >>> [apiv2][query] GET https://api.github.com/user [none]
[debug] [2025-02-12T08:16:01.189Z] <<< [apiv2][status] GET https://api.github.com/user 200
[debug] [2025-02-12T08:16:01.189Z] <<< [apiv2][body] GET https://api.github.com/user {"login":"adityaw24","id":83526639,"node_id":"MDQ6VXNlcjgzNTI2NjM5","avatar_url":"https://avatars.githubusercontent.com/u/83526639?v=4","gravatar_id":"","url":"https://api.github.com/users/adityaw24","html_url":"https://github.com/adityaw24","followers_url":"https://api.github.com/users/adityaw24/followers","following_url":"https://api.github.com/users/adityaw24/following{/other_user}","gists_url":"https://api.github.com/users/adityaw24/gists{/gist_id}","starred_url":"https://api.github.com/users/adityaw24/starred{/owner}{/repo}","subscriptions_url":"https://api.github.com/users/adityaw24/subscriptions","organizations_url":"https://api.github.com/users/adityaw24/orgs","repos_url":"https://api.github.com/users/adityaw24/repos","events_url":"https://api.github.com/users/adityaw24/events{/privacy}","received_events_url":"https://api.github.com/users/adityaw24/received_events","type":"User","user_view_type":"private","site_admin":false,"name":"Purwa Aditya Wisnu Wardhana","company":null,"blog":"https://www.linkedin.com/in/purwa-aditya-wisnu-wardhana/","location":null,"email":null,"hireable":true,"bio":null,"twitter_username":null,"notification_email":null,"public_repos":54,"public_gists":0,"followers":1,"following":2,"created_at":"2021-05-02T04:14:35Z","updated_at":"2025-02-11T14:36:12Z","private_gists":3,"total_private_repos":13,"owned_private_repos":13,"disk_usage":421791,"collaborators":1,"two_factor_authentication":false,"plan":{"name":"free","space":976562499,"collaborators":0,"private_repos":10000}}
[info] 
[info] +  Success! Logged into GitHub as adityaw24 
[info] 
[debug] [2025-02-12T08:16:26.123Z] >>> [apiv2][query] GET https://api.github.com/repos/adityaw24/backend-repo/actions/secrets/public-key type=owner
[debug] [2025-02-12T08:16:26.586Z] <<< [apiv2][status] GET https://api.github.com/repos/adityaw24/backend-repo/actions/secrets/public-key 404
[debug] [2025-02-12T08:16:26.587Z] <<< [apiv2][body] GET https://api.github.com/repos/adityaw24/backend-repo/actions/secrets/public-key {"message":"Not Found","documentation_url":"https://docs.github.com/rest/actions/secrets#get-a-repository-public-key","status":"404"}
[info] 
[info] 
[error] !  The provided authorization cannot be used with this repository. If this repository is in an organization, did you remember to grant access? 
[info] 
[info] i  Action required: Visit this URL to ensure access has been granted to the appropriate organization(s) for the Firebase CLI GitHub OAuth App: 
[info] https://github.com/settings/connections/applications/89cf50f02ac6aaed3484
[info] 
[debug] [2025-02-12T08:16:31.247Z] >>> [apiv2][query] GET https://api.github.com/repos/adityaw24/backend-repo/actions/secrets/public-key type=owner
[debug] [2025-02-12T08:16:31.546Z] <<< [apiv2][status] GET https://api.github.com/repos/adityaw24/backend-repo/actions/secrets/public-key 404
[debug] [2025-02-12T08:16:31.547Z] <<< [apiv2][body] GET https://api.github.com/repos/adityaw24/backend-repo/actions/secrets/public-key {"message":"Not Found","documentation_url":"https://docs.github.com/rest/actions/secrets#get-a-repository-public-key","status":"404"}
[info] 
[info] 
[error] !  The provided authorization cannot be used with this repository. If this repository is in an organization, did you remember to grant access? 
[info] 
[info] i  Action required: Visit this URL to ensure access has been granted to the appropriate organization(s) for the Firebase CLI GitHub OAuth App: 
[info] https://github.com/settings/connections/applications/89cf50f02ac6aaed3484
[info] 
[debug] [2025-02-12T08:16:41.398Z] >>> [apiv2][query] GET https://api.github.com/repos/adityaw24/backend-repo/actions/secrets/public-key type=owner
[debug] [2025-02-12T08:16:41.753Z] <<< [apiv2][status] GET https://api.github.com/repos/adityaw24/backend-repo/actions/secrets/public-key 404
[debug] [2025-02-12T08:16:41.753Z] <<< [apiv2][body] GET https://api.github.com/repos/adityaw24/backend-repo/actions/secrets/public-key {"message":"Not Found","documentation_url":"https://docs.github.com/rest/actions/secrets#get-a-repository-public-key","status":"404"}
[info] 
[info] 
[error] !  The provided authorization cannot be used with this repository. If this repository is in an organization, did you remember to grant access? 
[info] 
[info] i  Action required: Visit this URL to ensure access has been granted to the appropriate organization(s) for the Firebase CLI GitHub OAuth App: 
[info] https://github.com/settings/connections/applications/89cf50f02ac6aaed3484
[info] 
[debug] [2025-02-12T08:17:01.130Z] >>> [apiv2][query] GET https://api.github.com/repos/@adityaw24/backend-repo/actions/secrets/public-key type=owner
[debug] [2025-02-12T08:17:01.813Z] <<< [apiv2][status] GET https://api.github.com/repos/@adityaw24/backend-repo/actions/secrets/public-key 404
[debug] [2025-02-12T08:17:01.813Z] <<< [apiv2][body] GET https://api.github.com/repos/@adityaw24/backend-repo/actions/secrets/public-key {"message":"Not Found","documentation_url":"https://docs.github.com/rest/actions/secrets#get-a-repository-public-key","status":"404"}
[info] 
[info] 
[error] !  The provided authorization cannot be used with this repository. If this repository is in an organization, did you remember to grant access? 
[info] 
[info] i  Action required: Visit this URL to ensure access has been granted to the appropriate organization(s) for the Firebase CLI GitHub OAuth App: 
[info] https://github.com/settings/connections/applications/89cf50f02ac6aaed3484
[info] 
[debug] [2025-02-12T08:17:08.431Z] >>> [apiv2][query] GET https://api.github.com/repos/@adityaw24/backend-repo/actions/secrets/public-key type=owner
[debug] [2025-02-12T08:17:09.279Z] <<< [apiv2][status] GET https://api.github.com/repos/@adityaw24/backend-repo/actions/secrets/public-key 404
[debug] [2025-02-12T08:17:09.279Z] <<< [apiv2][body] GET https://api.github.com/repos/@adityaw24/backend-repo/actions/secrets/public-key {"message":"Not Found","documentation_url":"https://docs.github.com/rest/actions/secrets#get-a-repository-public-key","status":"404"}
[info] 
[info] 
[error] !  The provided authorization cannot be used with this repository. If this repository is in an organization, did you remember to grant access? 
[info] 
[info] i  Action required: Visit this URL to ensure access has been granted to the appropriate organization(s) for the Firebase CLI GitHub OAuth App: 
[info] https://github.com/settings/connections/applications/89cf50f02ac6aaed3484
[info] 
[debug] [2025-02-12T08:17:49.173Z] >>> [apiv2][query] GET https://api.github.com/repos/@adityaw24/backend-repo/actions/secrets/public-key type=owner
[debug] [2025-02-12T08:17:49.603Z] <<< [apiv2][status] GET https://api.github.com/repos/@adityaw24/backend-repo/actions/secrets/public-key 404
[debug] [2025-02-12T08:17:49.603Z] <<< [apiv2][body] GET https://api.github.com/repos/@adityaw24/backend-repo/actions/secrets/public-key {"message":"Not Found","documentation_url":"https://docs.github.com/rest/actions/secrets#get-a-repository-public-key","status":"404"}
[info] 
[info] 
[error] !  The provided authorization cannot be used with this repository. If this repository is in an organization, did you remember to grant access? 
[info] 
[info] i  Action required: Visit this URL to ensure access has been granted to the appropriate organization(s) for the Firebase CLI GitHub OAuth App: 
[info] https://github.com/settings/connections/applications/89cf50f02ac6aaed3484
[info] 
[debug] [2025-02-12T08:17:50.933Z] >>> [apiv2][query] GET https://api.github.com/repos/@adityaw24/backend-repo/actions/secrets/public-key type=owner
[debug] [2025-02-12T08:17:51.277Z] <<< [apiv2][status] GET https://api.github.com/repos/@adityaw24/backend-repo/actions/secrets/public-key 404
[debug] [2025-02-12T08:17:51.277Z] <<< [apiv2][body] GET https://api.github.com/repos/@adityaw24/backend-repo/actions/secrets/public-key {"message":"Not Found","documentation_url":"https://docs.github.com/rest/actions/secrets#get-a-repository-public-key","status":"404"}
[info] 
[info] 
[error] !  The provided authorization cannot be used with this repository. If this repository is in an organization, did you remember to grant access? 
[info] 
[info] i  Action required: Visit this URL to ensure access has been granted to the appropriate organization(s) for the Firebase CLI GitHub OAuth App: 
[info] https://github.com/settings/connections/applications/89cf50f02ac6aaed3484
[info] 
[debug] [2025-02-12T08:18:27.397Z] >>> [apiv2][query] GET https://api.github.com/repos/@adityaw24/backend-repo/actions/secrets/public-key type=owner
[debug] [2025-02-12T08:18:28.146Z] <<< [apiv2][status] GET https://api.github.com/repos/@adityaw24/backend-repo/actions/secrets/public-key 404
[debug] [2025-02-12T08:18:28.146Z] <<< [apiv2][body] GET https://api.github.com/repos/@adityaw24/backend-repo/actions/secrets/public-key {"message":"Not Found","documentation_url":"https://docs.github.com/rest/actions/secrets#get-a-repository-public-key","status":"404"}
[info] 
[info] 
[error] !  The provided authorization cannot be used with this repository. If this repository is in an organization, did you remember to grant access? 
[info] 
[info] i  Action required: Visit this URL to ensure access has been granted to the appropriate organization(s) for the Firebase CLI GitHub OAuth App: 
[info] https://github.com/settings/connections/applications/89cf50f02ac6aaed3484
[info] 
[debug] [2025-02-12T08:18:28.933Z] >>> [apiv2][query] GET https://api.github.com/repos/@adityaw24/backend-repo/actions/secrets/public-key type=owner
[debug] [2025-02-12T08:18:29.243Z] <<< [apiv2][status] GET https://api.github.com/repos/@adityaw24/backend-repo/actions/secrets/public-key 404
[debug] [2025-02-12T08:18:29.243Z] <<< [apiv2][body] GET https://api.github.com/repos/@adityaw24/backend-repo/actions/secrets/public-key {"message":"Not Found","documentation_url":"https://docs.github.com/rest/actions/secrets#get-a-repository-public-key","status":"404"}
[info] 
[info] 
[error] !  The provided authorization cannot be used with this repository. If this repository is in an organization, did you remember to grant access? 
[info] 
[info] i  Action required: Visit this URL to ensure access has been granted to the appropriate organization(s) for the Firebase CLI GitHub OAuth App: 
[info] https://github.com/settings/connections/applications/89cf50f02ac6aaed3484
[info] 
[debug] [2025-02-12T08:18:34.871Z] >>> [apiv2][query] GET https://api.github.com/repos/adityaw24/backend-repo/actions/secrets/public-key type=owner
[debug] [2025-02-12T08:18:35.315Z] <<< [apiv2][status] GET https://api.github.com/repos/adityaw24/backend-repo/actions/secrets/public-key 404
[debug] [2025-02-12T08:18:35.316Z] <<< [apiv2][body] GET https://api.github.com/repos/adityaw24/backend-repo/actions/secrets/public-key {"message":"Not Found","documentation_url":"https://docs.github.com/rest/actions/secrets#get-a-repository-public-key","status":"404"}
[info] 
[info] 
[error] !  The provided authorization cannot be used with this repository. If this repository is in an organization, did you remember to grant access? 
[info] 
[info] i  Action required: Visit this URL to ensure access has been granted to the appropriate organization(s) for the Firebase CLI GitHub OAuth App: 
[info] https://github.com/settings/connections/applications/89cf50f02ac6aaed3484
[info] 
